
> tailadmin-react@2.0.2 build
> tsc -b && vite build

src/components/Header/UserDropDownAdmin.tsx(5,31): error TS2307: Cannot find module '../../pages/Dashboard/api' or its corresponding type declarations.
src/components/Header/UserDropDownAdmin.tsx(15,13): error TS7006: Parameter 'res' implicitly has an 'any' type.
src/components/Hero/HeroSlider.tsx(1,8): error TS6133: 'React' is declared but its value is never read.
src/forms/CreateAdmin.tsx(3,31): error TS2307: Cannot find module '../pages/Dashboard/api' or its corresponding type declarations.
src/hooks/useTemplateScripts.ts(66,15): error TS6133: 'light' is declared but its value is never read.
src/pages/AdminSide/Country/EditCountry.tsx(2,41): error TS6133: 'Country' is declared but its value is never read.
src/pages/AdminSide/Dashboard/index.tsx(19,3): error TS6133: 'ClipboardList' is declared but its value is never read.
src/pages/AdminSide/FoodGroup/index.tsx(7,1): error TS6133: 'Select' is declared but its value is never read.
src/pages/AdminSide/FoodGroup/index.tsx(8,1): error TS6133: 'Label' is declared but its value is never read.
src/pages/AdminSide/FoodGroup/index.tsx(28,20): error TS6133: 'setPageSize' is declared but its value is never read.
src/pages/AdminSide/FoodIngredient/EditFoodIngredient.tsx(32,24): error TS2345: Argument of type 'Dispatch<SetStateAction<Food[]>>' is not assignable to parameter of type '(value: PaginatedResponses<Food>) => void | PromiseLike<void>'.
  Types of parameters 'value' and 'value' are incompatible.
    Type 'PaginatedResponses<Food>' is not assignable to type 'SetStateAction<Food[]>'.
src/pages/AdminSide/FoodIngredient/EditFoodIngredient.tsx(33,30): error TS2345: Argument of type 'Dispatch<SetStateAction<Ingredient[]>>' is not assignable to parameter of type '(value: PaginatedResponses<Ingredient>) => void | PromiseLike<void>'.
  Types of parameters 'value' and 'value' are incompatible.
    Type 'PaginatedResponses<Ingredient>' is not assignable to type 'SetStateAction<Ingredient[]>'.
src/pages/AdminSide/FoodIngredient/EditFoodIngredient.tsx(42,31): error TS2339: Property 'find' does not exist on type 'PaginatedResponses<FoodIngredient>'.
src/pages/AdminSide/FoodIngredient/EditFoodIngredient.tsx(42,36): error TS7006: Parameter 'fi' implicitly has an 'any' type.
src/pages/AdminSide/FoodStep/EditFoodStep.tsx(27,24): error TS2345: Argument of type 'Dispatch<SetStateAction<Food[]>>' is not assignable to parameter of type '(value: PaginatedResponses<Food>) => void | PromiseLike<void>'.
  Types of parameters 'value' and 'value' are incompatible.
    Type 'PaginatedResponses<Food>' is not assignable to type 'SetStateAction<Food[]>'.
src/pages/AdminSide/FoodStep/EditFoodStep.tsx(34,31): error TS2339: Property 'find' does not exist on type 'PaginatedResponses<FoodStep>'.
src/pages/AdminSide/FoodStep/EditFoodStep.tsx(34,36): error TS7006: Parameter 's' implicitly has an 'any' type.
src/pages/MicroKitchenSide/Dashboard/index.tsx(12,3): error TS6133: 'RotateCw' is declared but its value is never read.
src/pages/MicroKitchenSide/Dashboard/index.tsx(70,9): error TS6133: 'totalLoad' is declared but its value is never read.
src/pages/MicroKitchenSide/SeparateOrders/index.tsx(7,41): error TS6133: 'FiUser' is declared but its value is never read.
src/pages/MicroKitchenSide/SeparateOrders/index.tsx(7,49): error TS6133: 'FiCalendar' is declared but its value is never read.
src/pages/MicroKitchenSide/SeparateOrders/index.tsx(7,61): error TS6133: 'FiDollarSign' is declared but its value is never read.
src/pages/MicroKitchenSide/SeparateOrders/index.tsx(7,83): error TS6133: 'FiMessageSquare' is declared but its value is never read.
src/pages/MicroKitchenSide/SeparateOrders/index.tsx(7,100): error TS6133: 'FiChevronDown' is declared but its value is never read.
src/pages/NonPatient/Dashboard/index.tsx(8,3): error TS6133: 'Sparkles' is declared but its value is never read.
src/pages/NonPatient/Dashboard/index.tsx(9,3): error TS6133: 'RotateCw' is declared but its value is never read.
src/pages/NonPatient/Dashboard/index.tsx(64,9): error TS6133: 'totalDiscovery' is declared but its value is never read.
src/pages/NonPatient/Orders/index.tsx(120,23): error TS2345: Argument of type '{ results: Order[]; count: number; }' is not assignable to parameter of type 'SetStateAction<Order[]>'.
src/pages/NutritionSide/AllotMicroKitchenToPatients/index.tsx(11,18): error TS6133: 'AnimatePresence' is declared but its value is never read.
src/pages/NutritionSide/Dashboard/index.tsx(14,3): error TS6133: 'RotateCw' is declared but its value is never read.
src/pages/NutritionSide/Dashboard/index.tsx(73,9): error TS6133: 'totalInteractions' is declared but its value is never read.
src/pages/NutritionSide/PlanPayouts/index.tsx(9,3): error TS6133: 'PayableTrackerRow' is declared but its value is never read.
src/pages/PatientSide/Dashboard/index.tsx(15,3): error TS6133: 'CheckCircle' is declared but its value is never read.
src/pages/PatientSide/Dashboard/index.tsx(17,3): error TS6133: 'RotateCw' is declared but its value is never read.
src/pages/PatientSide/Dashboard/index.tsx(21,3): error TS6133: 'Heart' is declared but its value is never read.
src/pages/PatientSide/Dashboard/index.tsx(81,9): error TS6133: 'progressCount' is declared but its value is never read.
src/pages/ProfileInformation/index.tsx(165,11): error TS6133: 'handleGetFromAddress' is declared but its value is never read.
src/Website/components/elements/PortfolioFilter1.tsx(3,21): error TS7016: Could not find a declaration file for module 'isotope-layout'. 'D:/varshitha2/miisky_project/frontend/node_modules/isotope-layout/js/isotope.js' implicitly has an 'any' type.
  Try `npm i --save-dev @types/isotope-layout` if it exists or add a new declaration (.d.ts) file containing `declare module 'isotope-layout';`
src/Website/components/Image.tsx(1,8): error TS6133: 'React' is declared but its value is never read.
src/Website/loading.tsx(1,23): error TS2307: Cannot find module '../../components/elements/Preloader' or its corresponding type declarations.
